Job Started at: Sun Sep  6 04:00:24 IST 2026
Running on node: UR_NODE
Working Dir: UR_PATH
Running Python Script
Total residues: {326}
      MK1  resSeq= 902  chain=2  atoms= 45  LIGAND
[MK1902]
  Unique binding pocket residues: 33
  COM (Angstroms):   x=13.675, y=23.226, z=4.864
  Final Size (with buffer)  : x=27.44 y=23.63 z=22.31
Converting PDB-.PDBQT
setting PYTHONHOME environment
adding gasteiger charges to peptide
setting PYTHONHOME environment
DOCKING
#################################################################
# If you used AutoDock Vina in your work, please cite:          #
#                                                               #
# O. Trott, A. J. Olson,                                        #
# AutoDock Vina: improving the speed and accuracy of docking    #
# with a new scoring function, efficient optimization and       #
# multithreading, Journal of Computational Chemistry 31 (2010)  #
# 455-461                                                       #
#                                                               #
# DOI 10.1002/jcc.21334                                         #
#                                                               #
# Please see http://vina.scripps.edu for more information.      #
#################################################################

Detected 40 CPUs
WARNING: at low exhaustiveness, it may be impossible to utilize all CPUs
Reading input ... done.
Setting up the scoring function ... done.
Analyzing the binding site ... done.
Using random seed: 1084255900
Performing search ...
0%   10   20   30   40   50   60   70   80   90   100%
|----|----|----|----|----|----|----|----|----|----|
***************************************************
done.
Refining results ... done.

mode |   affinity | dist from best mode
     | (kcal/mol) | rmsd l.b.| rmsd u.b.
-----+------------+----------+----------
   1        -10.6      0.000      0.000
   2        -10.4      1.323      4.271
   3        -10.4      1.988     10.382
   4        -10.2      1.944     10.946
   5        -10.1      2.394      4.616
   6         -9.9      2.362     10.897
   7         -9.9      2.059     10.827
   8         -9.9      1.759      3.211
   9         -9.8      2.294      4.420
Writing output ... done.
Job finished at: Sun Sep  6 04:03:39 IST 2026